// map items1

// map items2

Value of mapped1:
	- one
	- two
	- three

Value of mapped2:
"hello", "world", "everyone", 
